// Jest Snapshot v1, https://goo.gl/fbAQLP

exports[`<App /> renders the <App /> Browse Page 1`] = `
<div>
  Loading...
</div>
`;

exports[`<App /> renders the <App /> Home Page 1`] = `
<div>
  Loading...
</div>
`;

exports[`<App /> renders the <App /> Sign Up Page 1`] = `
<div>
  Loading...
</div>
`;

exports[`<App /> renders the <App /> Sign in Page 1`] = `
<div>
  Loading...
</div>
`;
