// Jest Snapshot v1, https://goo.gl/fbAQLP

exports[`<Footer /> renders the <Footer /> with populated data 1`] = `
<div
  class="Footerstyle__Container-sc-1q53a1u-0 jjjFpy"
>
  <p
    class="Footerstyle__Title-sc-1q53a1u-4 fa-DyeY"
  >
    Questions? Contact us.
  </p>
  <div
    class="Footerstyle__Break-sc-1q53a1u-6 dOBqAQ"
  />
  <div
    class="Footerstyle__Row-sc-1q53a1u-2 bxEiqY"
  >
    <div
      class="Footerstyle__Column-sc-1q53a1u-1 dtSMWl"
    >
      <a
        class="Footerstyle__Link-sc-1q53a1u-3 bLcQjI"
        href="#"
      >
        FAQ
      </a>
      <a
        class="Footerstyle__Link-sc-1q53a1u-3 bLcQjI"
        href="#"
      >
        Investor Relations
      </a>
      <a
        class="Footerstyle__Link-sc-1q53a1u-3 bLcQjI"
        href="#"
      >
        Ways to Watch
      </a>
      <a
        class="Footerstyle__Link-sc-1q53a1u-3 bLcQjI"
        href="#"
      >
        Corporate Information
      </a>
      <a
        class="Footerstyle__Link-sc-1q53a1u-3 bLcQjI"
        href="#"
      >
        Netflix Originals
      </a>
    </div>
    <div
      class="Footerstyle__Column-sc-1q53a1u-1 dtSMWl"
    >
      <a
        class="Footerstyle__Link-sc-1q53a1u-3 bLcQjI"
        href="#"
      >
        Help Centre
      </a>
      <a
        class="Footerstyle__Link-sc-1q53a1u-3 bLcQjI"
        href="#"
      >
        Jobs
      </a>
      <a
        class="Footerstyle__Link-sc-1q53a1u-3 bLcQjI"
        href="#"
      >
        Terms of Use
      </a>
      <a
        class="Footerstyle__Link-sc-1q53a1u-3 bLcQjI"
        href="#"
      >
        Contact Us
      </a>
    </div>
    <div
      class="Footerstyle__Column-sc-1q53a1u-1 dtSMWl"
    >
      <a
        class="Footerstyle__Link-sc-1q53a1u-3 bLcQjI"
        href="#"
      >
        Account
      </a>
      <a
        class="Footerstyle__Link-sc-1q53a1u-3 bLcQjI"
        href="#"
      >
        Redeem gift cards
      </a>
      <a
        class="Footerstyle__Link-sc-1q53a1u-3 bLcQjI"
        href="#"
      >
        Privacy
      </a>
      <a
        class="Footerstyle__Link-sc-1q53a1u-3 bLcQjI"
        href="#"
      >
        Speed Test
      </a>
    </div>
    <div
      class="Footerstyle__Column-sc-1q53a1u-1 dtSMWl"
    >
      <a
        class="Footerstyle__Link-sc-1q53a1u-3 bLcQjI"
        href="#"
      >
        Media Centre
      </a>
      <a
        class="Footerstyle__Link-sc-1q53a1u-3 bLcQjI"
        href="#"
      >
        Buy gift cards
      </a>
      <a
        class="Footerstyle__Link-sc-1q53a1u-3 bLcQjI"
        href="#"
      >
        Cookie Preferences
      </a>
      <a
        class="Footerstyle__Link-sc-1q53a1u-3 bLcQjI"
        href="#"
      >
        Legal Notices
      </a>
    </div>
  </div>
  <div
    class="Footerstyle__Break-sc-1q53a1u-6 dOBqAQ"
  />
  <p
    class="Footerstyle__Text-sc-1q53a1u-5 fjbxnN"
  >
    Netflix Argentina
  </p>
</div>
`;
